<?xml version="1.0" encoding="utf-8" ?>
<result>
	<row>
		<severity>WARNING</severity>
		<tag>CoreUpdater</tag>
		<datetime>2015-07-03 00:20:10</datetime>
		<requestId>af14a</requestId>
		<message>/home/vagrant/www/piwik/core/Updates/3.0.0-b1.php(182): Notice - Undefined index: idGoal - Piwik 3.0.0-b1</message>
	</row>
	<row>
		<severity>WARNING</severity>
		<tag>CoreUpdater</tag>
		<datetime>2015-07-03 00:20:12</datetime>
		<requestId>af14a</requestId>
		<message>/home/vagrant/www/piwik/core/Updates/3.0.0-b1.php(32): Strict Notice - Non-static method Piwik\Updates\Updates_3_0_0_b1::getDashboardMigrationSqls() should not be called statically - Piwik 3.0.0-b1</message>
	</row>
	<row>
		<severity>WARNING</severity>
		<tag>CoreUpdater</tag>
		<datetime>2015-07-03 00:20:14</datetime>
		<requestId>af14a</requestId>
		<message>/home/vagrant/www/piwik/core/Updates/3.0.0-b1.php(182): Notice - Undefined index: idGoal - Piwik 3.0.0-b1</message>
	</row>
	<row>
		<severity>WARNING</severity>
		<tag>CoreHome</tag>
		<datetime>2015-07-03 06:22:38</datetime>
		<requestId>082d8</requestId>
		<message>/home/vagrant/www/piwik/plugins/CoreHome/Columns/UserId.php(69): Warning - Invalid argument supplied for foreach() - Piwik 3.0.0-b1</message>
	</row>
</result>